../Src/main.c:72:10:read_adc	16	static
../Src/main.c:90:6:writeINA219	32	static
../Src/main.c:98:14:readINA219	40	static
../Src/main.c:105:6:init_ina219	8	static
../Src/main.c:113:6:HAL_TIM_PeriodElapsedCallback	24	static
../Src/main.c:127:5:main	16	static
../Src/main.c:209:6:SystemClock_Config	64	static
../Src/main.c:248:13:MX_ADC1_Init	24	static
../Src/main.c:305:13:MX_FDCAN1_Init	8	static
../Src/main.c:348:13:MX_I2C2_Init	8	static
../Src/main.c:396:13:MX_TIM1_Init	104	static
../Src/main.c:472:13:MX_TIM2_Init	40	static
../Src/main.c:517:13:MX_GPIO_Init	16	static
../Src/main.c:540:6:Error_Handler	8	static,ignoring_inline_asm
