../Src/main.c:71:10:read_adc	2
../Src/main.c:88:6:writeINA219	1
../Src/main.c:96:14:readINA219	1
../Src/main.c:103:6:init_ina219	1
../Src/main.c:122:6:HAL_TIM_PeriodElapsedCallback	11
../Src/main.c:177:5:main	6
../Src/main.c:263:6:SystemClock_Config	3
../Src/main.c:302:13:MX_ADC1_Init	3
../Src/main.c:359:13:MX_FDCAN1_Init	2
../Src/main.c:402:13:MX_I2C2_Init	4
../Src/main.c:450:13:MX_TIM1_Init	6
../Src/main.c:526:13:MX_TIM2_Init	4
../Src/main.c:571:13:MX_GPIO_Init	1
../Src/main.c:594:6:Error_Handler	1
